// Jest Snapshot v1, https://goo.gl/fbAQLP

exports[`class HelloWorld extends _react.Component {
    constructor(props) {
        super(props);
        this.state = {
            greeting: 'Hello' };

        this.frenchify = this.
        frenchify.
        bind(this);
        this.deleteGreeting = this.
        deleteGreeting.
        bind(this);
    }
    frenchify() {
        this.setState({ greeting: 'Bonjour' });
    }
    deleteGreeting(e) {
        this.
        props.
        removeGreeting(this.props.name);
    }
    render() {
        return (
            _react2.default.createElement('div', { className: 'HelloWorld', __source: { fileName: _jsxFileName, lineNumber: 28 }, __self: this }, this.state.greeting, ' ', this.props.name, '!',
                _react2.default.createElement(_reactBootstrap.Button, {
                        onClick: this.deleteGreeting,
                        bsStyle: 'danger',
                        bsSize: 'xsmall',
                        className: 'pull-right delete', __source: { fileName: _jsxFileName, lineNumber: 29 }, __self: this }, 'Delete'),
                _react2.default.createElement(_reactBootstrap.Button, {
                        onClick: this.frenchify,
                        bsStyle: 'primary',
                        bsSize: 'xsmall',
                        className: 'pull-right french', __source: { fileName: _jsxFileName, lineNumber: 34 }, __self: this }, 'Frenchify!')));


    }} renders and matches our snapshot 1`] = `
<div
  className="HelloWorld"
>
  Hello
   
  Person
  !
  <button
    className="pull-right delete btn btn-xs btn-danger"
    disabled={false}
    onClick={[Function]}
    type="button"
  >
    Delete
  </button>
  <button
    className="pull-right french btn btn-xs btn-primary"
    disabled={false}
    onClick={[Function]}
    type="button"
  >
    Frenchify!
  </button>
</div>
`;
